03f00000 T _start
03f00020 t _undefined_instruction
03f00024 t _software_interrupt
03f00028 t _prefetch_abort
03f0002c t _data_abort
03f00030 t _not_used
03f00034 t _irq
03f00038 t _fiq
03f00040 t _TEXT_BASE
03f00044 T _armboot_start
03f00048 T _armboot_end_data
03f0004c T _armboot_end
03f00050 T _armboot_real_end
03f00054 t NFDATA
03f00058 t NFCMD
03f0005c t NFADDR
03f00060 t MEMCFGW
03f00064 t MEMNANDCTRLW
03f00068 t MEMNANDTIMEW
03f0006c t BL_BASE
03f00070 t NAND_BASE
03f00074 t NAND_TOP
03f00078 t NAND_PAGE_MASK
03f0007c t reset
03f00124 t read_command
03f00168 t wait_ready
03f00194 t get_page
03f001c0 t _real_boot_loader
03f001c4 t nand_relocate
03f001d8 t _start_armboot
03f001dc t cpu_init_crit
03f00204 T setup_async
03f00220 t undefined_instruction
03f00280 t software_interrupt
03f002e0 t prefetch_abort
03f00340 t data_abort
03f003a0 t not_used
03f00400 t irq
03f00460 t fiq
03f004c0 T reset_cpu
03f00520 T enable_interrupts
03f00530 T disable_interrupts
03f00544 T bad_mode
03f00568 T show_regs
03f006a8 T do_undefined_instruction
03f006d4 T do_software_interrupt
03f00700 T do_prefetch_abort
03f0072c T do_data_abort
03f00758 T do_not_used
03f00784 T do_fiq
03f007b0 T do_irq
03f007dc T interrupt_init
03f00838 T reset_timer
03f0084c T get_timer
03f0087c T set_timer
03f00898 T udelay
03f00928 T reset_timer_masked
03f00960 T get_timer_masked
03f009dc T udelay_masked
03f00a30 T get_ticks
03f00a4c T get_tbclk
03f00a64 t mem_malloc_init
03f00aac T sbrk
03f00b04 t init_baudrate
03f00b6c t display_banner
03f00bc4 t display_dram_config
03f00c2c t display_flash_config
03f00c5c T start_armboot
03f00e2c T hang
03f00e4c T ArpRequest
03f00f90 T ArpTimeoutCheck
03f0101c T NetLoop
03f01300 t startAgainTimeout
03f01320 t startAgainHandler
03f01330 T NetStartAgain
03f01360 T NetSetHandler
03f0137c T NetSetTimeout
03f013c8 T NetSendPacket
03f013dc T NetSendUDPPacket
03f01530 T NetReceive
03f01a00 t net_check_prereq
03f01aa0 T NetCksumOk
03f01ad0 T NetCksum
03f01b28 T NetSetEther
03f01b78 T NetSetIP
03f01cc4 T copy_filename
03f01d24 T ip_to_string
03f01d88 T string_to_ip
03f01e14 T print_IPaddr
03f01e3c T getenv_IPaddr
03f01e54 t TftpSend
03f02010 t TftpHandler
03f02274 t TftpTimeout
03f022d8 T TftpStart
03f02544 t BootpCheckPkt
03f025e8 t BootpCopyNetParams
03f02678 t truncate_sz
03f026b4 t BootpVendorFieldProcess
03f028d0 t BootpVendorProcess
03f02940 t BootpHandler
03f029e4 t BootpTimeout
03f02a34 t BootpExtended
03f02ab8 T BootpRequest
03f02cb4 t RarpHandler
03f02cc8 t RarpTimeout
03f02d18 T RarpRequest
03f02e24 t get_reg_init_bus
03f02e88 t get_reg
03f02eac t put_reg
03f02ed8 t eth_reset
03f02f40 T cs8900_get_enetaddr
03f03130 T eth_halt
03f03158 T eth_init
03f03230 T eth_rx
03f032cc T eth_send
03f033c4 t cs8900_e2prom_ready
03f033e8 T cs8900_e2prom_read
03f03428 T cs8900_e2prom_write
03f0348c T main_loop
03f0396c T readline
03f03b90 t delete_char
03f03c88 t parse_line
03f03d2c t process_macros
03f03ee8 T run_command
03f040d8 T do_run
03f04164 T autoscript
03f0437c T do_autoscript
03f043c4 T do_bdinfo
03f044b8 t print_num
03f044dc T do_go
03f0456c T do_bootm
03f04ba0 t do_bootm_netbsd
03f04cd8 T do_bootd
03f04d04 T do_iminfo
03f04d74 t image_info
03f04ec0 t do_imls
03f04ed4 T print_image_hdr
03f0508c t print_type
03f05330 t zalloc
03f05350 t zfree
03f05368 T gunzip
03f054d4 t do_bootm_rtems
03f05514 t do_bootm_vxworks
03f05574 t do_bootm_qnxelf
03f055d4 T do_icache
03f05664 T do_dcache
03f056f4 t on_off
03f05740 T do_coninfo
03f05828 T do_date
03f05940 t cnvrt2
03f059a4 T mk_date
03f05b98 T do_bootelf
03f05c48 T do_bootvx
03f05df8 T valid_elf_image
03f05e54 T load_elf_image
03f05f6c T get_dev
03f05fa4 T do_fat_fsload
03f06140 T do_fat_ls
03f06260 T do_fat_fsinfo
03f06354 t abbrev_spec
03f064bc t flash_fill_sect_ranges
03f064d8 T do_flinfo
03f0651c T do_flerase
03f0668c T flash_sect_erase
03f0670c T do_protect
03f068dc T flash_sect_protect
03f06980 T do_load_serial
03f06a6c t load_serial
03f06c24 t read_record
03f06d0c T do_load_serial_bin
03f06e84 t load_serial_bin
03f06f1c T send_pad
03f06f68 T ktrans
03f06fa0 T chk1
03f06fe4 T s1_sendpacket
03f0701c T send_ack
03f07088 T send_nack
03f070f4 t bin_data_init
03f07138 t os_data_save
03f07190 t os_data_restore
03f071e8 t bin_data_char
03f07238 t set_kerm_bin_mode
03f0727c T k_data_init
03f072ac T k_data_save
03f072d8 T k_data_restore
03f07304 T k_data_char
03f07378 T handle_send_packet
03f075cc t k_recv
03f0784c T do_loadub
03f07868 t loadub_common
03f07a4c T cmd_get_data_size
03f07acc T do_mem_md
03f07d20 T do_mem_mm
03f07d4c T do_mem_nm
03f07d78 T do_mem_mw
03f07e58 T do_mem_cmp
03f0800c T do_mem_cp
03f0823c T do_mem_base
03f08288 T do_mem_loop
03f083b0 T do_mem_mtest
03f084e8 t mod_mem
03f08690 T do_mem_crc
03f08750 T do_sleep
03f087d0 T do_mmc
03f08800 t nand_write_page_yaffs
03f08934 t nand_write_yaffs
03f08b5c T do_nand
03f09148 T do_nandboot
03f093e8 T check_block
03f094a0 t nand_print_bad
03f09508 t nand_rw
03f09750 t nand_print
03f097fc t NanD_WaitReady
03f0983c t NanD_Address
03f098ac t NanD_OnlyAddress
03f09918 t NanD_IdentChip
03f09b58 t NanD_ScanChips
03f09cdc t NanD_ReadBuf
03f09e3c t nand_read_ecc
03f0a1d4 t nand_write_page
03f0a494 t nand_write_ecc
03f0a670 t nand_read_oob
03f0a798 t nand_write_oob
03f0a9dc T nand_write_jffs2_func
03f0aaa0 T nand_write_func
03f0ab60 T nand_erase_func
03f0aba4 t nand_erase
03f0ada4 T nand_probe
03f0aeec t nand_trans_result
03f0afac t nand_calculate_ecc
03f0b050 t nand_correct_data
03f0b208 t nand_read_without_ecc
03f0b368 t nand_write_page_without_ecc
03f0b424 t nand_write_without_ecc
03f0b5ec t nand_rw_without_ecc
03f0b6c8 T nand_env_read
03f0b724 T nand_env_write
03f0b7ac t NanD_Command
03f0b7d0 T do_bootp
03f0b7ec T do_tftpb
03f0b808 T do_rarpb
03f0b824 t netboot_update_env
03f0b98c t netboot_common
03f0bb20 T do_printenv
03f0bcf8 T _do_setenv
03f0c1cc T setenv
03f0c20c T do_setenv
03f0c250 T getenv
03f0c2d4 T getenv_r
03f0c3b0 T do_saveenv
03f0c3e4 t envmatch
03f0c460 T usb_get_class_desc
03f0c540 T usb_display_class_sub
03f0c730 T usb_display_string
03f0c770 T usb_display_desc
03f0c8b0 T usb_display_conf_desc
03f0c960 T usb_display_if_desc
03f0c9f4 T usb_display_ep_desc
03f0cad8 T usb_display_config
03f0cb70 T usb_show_tree_graph
03f0cda8 T usb_show_tree
03f0cde0 T do_usb
03f0cfac T do_version
03f0cfd4 T do_echo
03f0d05c T do_help
03f0d228 T find_cmd
03f0d2d0 t console_setfile
03f0d390 T serial_printf
03f0d3c4 T fgetc
03f0d3f4 T ftstc
03f0d424 T fputc
03f0d458 T fputs
03f0d488 T fprintf
03f0d4c4 T getc
03f0d4f0 T tstc
03f0d51c T putc
03f0d550 T puts
03f0d584 T printf
03f0d5b8 T vprintf
03f0d5ec T ctrlc
03f0d64c T disable_ctrlc
03f0d670 T had_ctrlc
03f0d68c T clear_ctrlc
03f0d6ac T dbg
03f0d6c0 T console_assign
03f0d764 T console_init_f
03f0d780 T console_init_r
03f0d924 t drv_system_init
03f0d9a0 T device_register
03f0d9cc T devices_init
03f0da18 T devices_done
03f0da3c T malloc_bin_reloc
03f0da7c t malloc_extend_top
03f0dc50 T malloc
03f0e0a0 T free
03f0e2cc T realloc
03f0e750 T memalign
03f0e874 T valloc
03f0e890 T pvalloc
03f0e8b8 T calloc
03f0e994 T cfree
03f0e9a8 T malloc_trim
03f0ea88 T malloc_usable_size
03f0ead8 T mallopt
03f0eb50 T env_crc_update
03f0eb88 t env_get_char_init
03f0ebbc T env_get_char_memory
03f0ebec T env_get_addr
03f0ec20 T env_relocate
03f0ecc0 T env_get_char_spec
03f0ecd8 T env_init
03f0ed6c T saveenv
03f0ed98 T env_relocate_spec
03f0edc4 t dummy
03f0edd4 T get_version
03f0ede8 T jumptable_init
03f0ee74 T flash_protect
03f0ef88 T addr2info
03f0ef9c T flash_write
03f0f134 T flash_perror
03f0f244 T NewHandle
03f0f2ac T DisposeHandle
03f0f2d4 T GetHandleSize
03f0f2e8 T SetHandleSize
03f0f378 t ExpandListSpace
03f0f444 T ListCreate
03f0f4ac T ListSetAllocationPolicy
03f0f4cc T ListDispose
03f0f4e0 T ListInsertItem
03f0f4f8 T ListInsertItems
03f0f650 T ListGetItems
03f0f6a8 T ListGetPtrToItem
03f0f6ec T ListGetDataPtr
03f0f704 T ListGetItemSize
03f0f71c T ListNumItems
03f0f734 T srec_decode
03f0f9cc t hex1_bin
03f0fa18 t hex2_bin
03f0fa58 T usb_init
03f0fadc T usb_stop
03f0fb04 T usb_disable_asynch
03f0fb2c T usb_submit_int_msg
03f0fb4c T usb_control_msg
03f0fc44 T usb_bulk_msg
03f0fcd0 T usb_maxpacket
03f0fd08 T usb_set_maxpacket
03f0fe0c T usb_parse_config
03f0ffb0 T usb_clear_halt
03f100c4 T usb_get_descriptor
03f1013c T usb_get_configuration_no
03f101d8 T usb_set_address
03f10220 T usb_set_interface
03f1031c T usb_set_configuration
03f10390 T usb_set_protocol
03f103fc T usb_set_idle
03f1046c T usb_get_report
03f104f0 T usb_get_class_descriptor
03f10574 T usb_get_string
03f105ec T usb_string
03f1073c T usb_get_dev_index
03f10778 T usb_alloc_new_device
03f10848 T usb_new_device
03f10b1c T usb_scan_devices
03f10b90 T usb_get_hub_descriptor
03f10bfc T usb_clear_hub_feature
03f10c60 T usb_clear_port_feature
03f10ccc T usb_set_port_feature
03f10d38 T usb_get_hub_status
03f10d98 T usb_get_port_status
03f10e00 t usb_hub_power_on
03f10e70 T usb_hub_reset
03f10e90 T usb_hub_allocate
03f10ee0 T usb_hub_port_connect_change
03f11098 T usb_hub_configure
03f11398 T usb_hub_probe
03f11414 T wait_ms
03f11450 T do_brp
03f115b0 T crc32
03f116b4 T display_options
03f116dc T print_size
03f11780 T strnicmp
03f11808 T strcpy
03f11830 T strncpy
03f11864 T strcat
03f118a4 T strncat
03f118f8 T strcmp
03f11934 T strncmp
03f11988 T strchr
03f119c8 T strrchr
03f11a08 T strlen
03f11a38 T strnlen
03f11a84 T strdup
03f11acc T strspn
03f11b44 T strpbrk
03f11b98 T strtok
03f11c20 T strsep
03f11c60 T memset
03f11c90 T bcopy
03f11cc8 T memcpy
03f11cfc T memmove
03f11d64 T memcmp
03f11da8 T memscan
03f11dd8 T strstr
03f11e44 T memchr
03f11e84 T simple_strtoul
03f11f48 T simple_strtol
03f11f78 t skip_atoi
03f11fcc t number
03f1228c T vsprintf
03f1277c T sprintf
03f1279c T panic
03f127e8 T inflateReset
03f12850 T inflateEnd
03f128c4 T inflateInit2
03f129a4 T inflateInit
03f129bc T inflate
03f12d90 T inflateIncomp
03f12dc4 T inflateSync
03f12ee8 t inflate_blocks_reset
03f12fc4 t inflate_blocks_new
03f13068 t inflate_blocks
03f13f48 t inflate_blocks_free
03f13f98 t inflate_addhistory
03f140d4 t inflate_packet_flush
03f14104 t huft_build
03f14710 t inflate_trees_bits
03f1478c t inflate_trees_dynamic
03f148b4 t falloc
03f148e4 t ffree
03f148f4 t inflate_trees_fixed
03f14b34 t inflate_trees_free
03f14b7c t inflate_codes_new
03f14bd4 t inflate_codes
03f15454 t inflate_codes_free
03f1547c t inflate_flush
03f1560c t inflate_fast
03f159a4 T adler32
03f15b20 T __udivsi3
03f15b38 t Loop1
03f15b4c t Lbignum
03f15b60 t Loop3
03f15ba0 t Lgot_result
03f15ba8 t Ldiv0
03f15bb8 T __umodsi3
03f15bcc t Loop1
03f15be0 t Lbignum
03f15bf4 t Loop3
03f15c5c t Ldiv0
03f15c6c T __div0
03f15c88 T board_init
03f15f20 T dram_init
03f15f4c T board_late_init
03f15fa4 T nand_init
03f15ffc T ChangeUPllValue
03f16050 T pullup_en
03f16088 T pullup_dis
03f160c8 T usbd_en
03f16104 T usbd_dis
03f16130 T display_logo
03f16144 T display_Firmware
03f16158 T lcd_draw_rectangle
03f161e4 T show_boot_progress
03f16280 T attempt_firmware_upgrade
03f16564 T flash_init
03f16578 T flash_print_info
03f166bc T flash_erase
03f168f4 t write_hword
03f16a30 T write_buff
03f16bc4 T PMR_Initialize
03f16be8 T PMR_SetDispClk
03f16c28 T DPC_SetFrameSize
03f16c64 T DPC_SetHSyncParm
03f16d08 T DPC_SetVSyncParm
03f16db8 T DPC_SetDEParm
03f16f2c T DPC_UTIL_HVSYNC
03f16fa8 T DPC_UTIL_HVSYNC_GPX320240
03f170a0 T DPC_UTIL_DATA_INV
03f170ec T DPC_InitHardware
03f1769c T GPIO_Initialize
03f176c0 T _set_mmsp2_gpio_func
03f17740 T set_gpio_ctrl
03f177d4 T DPC_Initialize
03f177f8 T MLC_Initialize
03f1781c T MLC_RGB_MixMux
03f17b24 T MLC_RGB_SetScale
03f17bac T MLC_RGB_SetActivate
03f17cc0 T MLC_RGB_SetCoord
03f17d9c T MLC_RGB_SetAddress
03f17dd0 T MLC_RGB_SetColorKey
03f17e08 T MLC_RGB_SetBPP
03f17eb0 T MLC_RGBOn
03f17ee4 T MLC_Util_RGB
03f1808c T init_lcd
03f181ec T show_logo
03f18248 T show_Firmware
03f182fc T write_gpio_bit
03f18350 T mmc_get_dev
03f18378 T mmc_bread
03f183b0 t SetPrescalerAndAccessTimes
03f1846c t SetupSFRs
03f1858c t GetBits
03f18690 t SdSendCommandBlocking
03f187bc t SdHwTrySd
03f18908 t SdHwTryMmc
03f189dc T sdk2x_SdHwInit
03f18f30 t WaitForReady
03f18f8c t SetupForTransfer
03f1911c t sdk2x_SdReadPagesInner
03f19324 t sdk2x_SdWritePagesInner
03f1955c T sdk2x_SdReadPages
03f19718 T sdk2x_SdWritePages
03f1987c T mmc_init
03f19890 T mmc_read
03f198ac T mmc_write
03f198d4 T mmc2info
03f198e8 T sdk2x_SysInitTable
03f19960 t CalcPll
03f199a4 T sdk2x_GetFPLL
03f199c4 T sdk2x_GetUPLL
03f199e4 T sdk2x_GetAPLL
03f19a04 T sdk2x_SetFPLL
03f19a8c T sdk2x_SetUPLL
03f19b14 T sdk2x_SetAPLL
03f19b9c T sdk2x_SysReadKeys
03f19cf4 T sdk2x_SysTimerEnable
03f19d88 T sdk2x_GetCurrentTime
03f19da4 T sdk2x_TimerWait
03f19e40 T sdk2x_USleep
03f19e64 T sdk2x_MSleep
03f19e9c T sdk2x_Sleep
03f19ed4 T sdk2x_GetElapsedMSecs
03f19f20 T sdk2x_LcdTextOut
03f1a044 T sdk2x_LcdSetPrintBase
03f1a060 T serial_setbrg
03f1a0ec T serial_init
03f1a10c T serial_getc
03f1a138 T serial_putc
03f1a174 T serial_tstc
03f1a194 T serial_puts
03f1a1c8 t read_p15_c1
03f1a1dc t write_p15_c1
03f1a1f4 t cp_delay
03f1a228 T cpu_init
03f1a258 T cleanup_before_linux
03f1a288 T do_reset
03f1a2a8 T icache_enable
03f1a2cc T icache_disable
03f1a2f0 T icache_status
03f1a30c T dcache_enable
03f1a330 T dcache_disable
03f1a354 T dcache_status
03f1a370 t roothub_a
03f1a3c8 t roothub_portstatus
03f1a434 t urb_free_priv
03f1a488 T sohci_submit_job
03f1a688 t ep_link
03f1a7cc t ep_unlink
03f1a910 t ep_add_ed
03f1abb8 t td_fill
03f1ad0c t td_submit_job
03f1af48 t dl_transfer_length
03f1b000 t dl_reverse_done_list
03f1b100 t dl_done_list
03f1b1c8 T rh_check_port_status
03f1b224 t ohci_submit_rh_msg
03f1b8d8 T submit_common_msg
03f1ba5c T submit_bulk_msg
03f1ba80 T submit_control_msg
03f1bb34 T submit_int_msg
03f1bb48 t hc_reset
03f1bc08 t hc_start
03f1bd08 t hc_interrupt
03f1be18 t hc_release_ohci
03f1be38 T set_USBH_Clock
03f1be74 T usb_lowlevel_init
03f1c010 T usb_lowlevel_stop
03f1c04c T usbd_recv
03f1c154 T WaitDownload
03f1c374 T init_usb_regs
03f1c4f0 T InitUsbd
03f1c51c T IsrUsbd
03f1c5e4 T Ep3Handler
03f1c71c T PrintEpoPkt
03f1c73c T RdPktEp3_CheckSum
03f1c790 T ClearEp3OutPktReady
03f1c7c0 T PrepareEp1Fifo
03f1c834 T Ep1Handler
03f1c898 T PrintEpiPkt
03f1c8b8 T Ep0Handler
03f1d24c T PrintEp0Pkt
03f1d268 T InitDescriptorTable
03f1d3b8 T ConfigUsbd
03f1d3cc T ReconfigUsbd
03f1d4f8 T RdPktEp0
03f1d530 T WrPktEp0
03f1d568 T WrByteEp0
03f1d588 T WrPktEp1
03f1d5c0 T WrPktEp2
03f1d5f8 T RdPktEp3
03f1d630 T RdPktEp4
03f1d668 T do_bootm_linux
03f1d984 T flush_cache
03f1d994 t downcase
03f1d9cc T disk_read
03f1da30 T fat_register_device
03f1db44 t dirdelim
03f1db88 t compare_sign
03f1dbcc t get_name
03f1dc9c t get_fatent
03f1de1c t get_cluster
03f1deb0 t get_contents
03f1e060 t slot2str
03f1e128 t get_vfatname
03f1e2d4 t mkcksum
03f1e314 t get_dentfromdir
03f1e60c t read_bootsectandvi
03f1e708 t do_fat_read
03f1edbc T file_fat_detectfs
03f1ef20 T file_fat_ls
03f1ef40 T file_fat_read
03f1ef80 T dev_print
03f1f14c T init_part
03f1f170 T get_partition_info
03f1f1a0 t print_part_header
03f1f25c T print_part
03f1f2a4 t print_one_part
03f1f364 t test_block_type
03f1f3b4 T test_part_dos
03f1f410 t print_partition_extended
03f1f5cc t get_partition_info_extended
03f1f8b0 T print_part_dos
03f1f8e4 T get_partition_info_dos
03f1f910 T GregorianDay
03f1fa24 T to_tm
03f1fb68 T mktime
03f1fc08 T rtc_get
03f1fc18 T rtc_set
03f1fc28 T rtc_reset
03f1fc48 T __divdi3
03f2020c T __divsi3
03f20234 t Loop1
03f20248 t Lbignum
03f2025c t Loop3
03f2029c t Lgot_result
03f202ac t Ldiv0
03f205d8 R version_string
03f24001 r nand_ecc_precalc_table
03f242e8 r baudrate_table
03f25418 r crc_table
03f25de4 R _pins_of_gpio
03f25e30 r TranSpeedRate
03f25e50 r TranSpeedMult
03f25e90 r R2WFactorValues
03f25eb0 r TaacValue
03f25ef0 r TaacExponent
03f25f38 R fontresEng
03f269a4 r descStr0
03f269a8 r descStr1
03f269be r descStr2
03f26fdc r __clz_tab
03f270dc D timer_load_val
03f270e0 d mem_malloc_start
03f270e4 d mem_malloc_end
03f270e8 d mem_malloc_brk
03f270ec D init_sequence
03f27114 D NetOurSubnetMask
03f27118 D NetOurGatewayIP
03f2711c D NetOurDNSIP
03f27120 D NetOurNISDomain
03f27140 D NetOurHostName
03f27160 D NetOurRootPath
03f271a0 D NetBootFileSize
03f271a2 D NetServerEther
03f271a8 D NetBcastAddr
03f271ae D NetEtherNullAddr
03f271b4 D NetTxPacket
03f271b8 d erase_seq
03f271bc d tab_seq
03f271c5 d lastcommand.45
03f272c8 D load_addr
03f272cc D weekdays
03f272e8 d do_echo
03f272ec d loadub_first_flag
03f272f0 D dp_last_length
03f272f4 d base_address
03f272f8 d nand_flash_ids
03f274c0 D oob_config
03f274e0 D nand_dev_desc
03f27534 d curr_device
03f27538 d clean_marker.141
03f27544 d usb_stor_curr_dev
03f27548 d ctrlc_disabled
03f2754c d ctrlc_was_pressed
03f27550 D devlist
03f27554 D stdio_devices
03f27560 D stdio_names
03f2756c d av_
03f27974 d trim_threshold
03f27978 d top_pad
03f2797c d n_mmaps_max
03f27980 d mmap_threshold
03f27984 d sbrk_base
03f27988 d max_sbrked_mem
03f2798c d max_total_mem
03f27990 d current_mallinfo
03f279b8 d mmapped_mem
03f279bc D env_get_char
03f279c0 D default_environment
03f27ab8 D env_name_spec
03f27abc D env_ptr
03f27ac0 d inflate_mask
03f27b04 d border
03f27b50 d cplens
03f27bcc d cplext
03f27c48 d cpdist
03f27cc0 d cpdext
03f27d38 d fixed_lock
03f27d3c d fixed_built
03f27d40 d fixed_left
03f27d44 D zlib_version
03f27d48 D z_errmsg
03f27d68 D _ctype
03f27e68 D g_filesize
03f27e6c D imgFirmware
03f38a04 D mmc_init_once
03f38a08 d nIs16Bpp
03f38a0c d cc_to_error
03f38a4c d root_hub_dev_des
03f38a5e d root_hub_config_des
03f38a77 d root_hub_str_index0
03f38a7b d root_hub_str_index1
03f38a97 d ohci_inited
03f38a98 d descStr3
03f38b1c D transferIndex
03f38b20 D download_run
03f38b24 D err
03f38b28 D Configuration
03f38b29 D Selfpwr
03f38b2c d cur_dev
03f38b30 d part_offset
03f38b34 d cur_part
03f38b38 d month_days
03f38b68 ? _GLOBAL_OFFSET_TABLE_
03f38b78 ? __u_boot_cmd_autoscr
03f38b78 A __u_boot_cmd_start
03f38b90 ? __u_boot_cmd_bdinfo
03f38ba8 ? __u_boot_cmd_go
03f38bc0 ? __u_boot_cmd_reset
03f38bd8 ? __u_boot_cmd_bootm
03f38bf0 ? __u_boot_cmd_boot
03f38c08 ? __u_boot_cmd_bootd
03f38c20 ? __u_boot_cmd_iminfo
03f38c38 ? __u_boot_cmd_imls
03f38c50 ? __u_boot_cmd_icache
03f38c68 ? __u_boot_cmd_dcache
03f38c80 ? __u_boot_cmd_coninfo
03f38c98 ? __u_boot_cmd_date
03f38cb0 ? __u_boot_cmd_bootelf
03f38cc8 ? __u_boot_cmd_bootvx
03f38ce0 ? __u_boot_cmd_fatload
03f38cf8 ? __u_boot_cmd_fatls
03f38d10 ? __u_boot_cmd_fatinfo
03f38d28 ? __u_boot_cmd_flinfo
03f38d40 ? __u_boot_cmd_erase
03f38d58 ? __u_boot_cmd_protect
03f38d70 ? __u_boot_cmd_loads
03f38d88 ? __u_boot_cmd_loadb
03f38da0 ? __u_boot_cmd_loadub
03f38db8 ? __u_boot_cmd_md
03f38dd0 ? __u_boot_cmd_mm
03f38de8 ? __u_boot_cmd_nm
03f38e00 ? __u_boot_cmd_mw
03f38e18 ? __u_boot_cmd_cp
03f38e30 ? __u_boot_cmd_cmp
03f38e48 ? __u_boot_cmd_crc32
03f38e60 ? __u_boot_cmd_base
03f38e78 ? __u_boot_cmd_loop
03f38e90 ? __u_boot_cmd_mtest
03f38ea8 ? __u_boot_cmd_sleep
03f38ec0 ? __u_boot_cmd_mmcinit
03f38ed8 ? __u_boot_cmd_nand
03f38ef0 ? __u_boot_cmd_nboot
03f38f08 ? __u_boot_cmd_bootp
03f38f20 ? __u_boot_cmd_tftpboot
03f38f38 ? __u_boot_cmd_rarpboot
03f38f50 ? __u_boot_cmd_printenv
03f38f68 ? __u_boot_cmd_setenv
03f38f80 ? __u_boot_cmd_saveenv
03f38f98 ? __u_boot_cmd_run
03f38fb0 ? __u_boot_cmd_usb
03f38fc8 ? __u_boot_cmd_version
03f38fe0 ? __u_boot_cmd_echo
03f38ff8 ? __u_boot_cmd_help
03f39010 ? __u_boot_cmd_question_mark
03f39028 ? __u_boot_cmd_brp
03f39040 A __u_boot_cmd_end
03f39040 A armboot_end_data
03f39100 b timestamp
03f39104 b lastdec
03f39108 B monitor_flash_len
03f3910c B NetBootFileXferSize
03f39110 B NetOurEther
03f39118 B NetOurIP
03f3911c B NetServerIP
03f39120 B NetRxPackets
03f39130 B NetRxPkt
03f39134 B NetRxPktLen
03f39138 B NetIPID
03f3913c B NetState
03f39140 B BootFile
03f391c0 B PktBuf
03f3afe0 b packetHandler
03f3afe4 b timeHandler
03f3afe8 b timeStart
03f3afec b timeDelta
03f3aff0 B NetArpWaitPacketIP
03f3aff4 B NetArpWaitReplyIP
03f3aff8 B NetArpWaitPacketMAC
03f3affc B NetArpWaitTxPacket
03f3b000 B NetArpWaitTxPacketSize
03f3b004 B NetArpWaitPacketBuf
03f3b624 B NetArpWaitTimerStart
03f3b628 B NetArpWaitTry
03f3b62c b TftpServerPort
03f3b630 b TftpOurPort
03f3b634 b TftpTimeoutCount
03f3b638 b TftpBlock
03f3b63c b TftpLastBlock
03f3b640 b TftpState
03f3b644 b default_filename
03f3b654 b tftp_filename
03f3b658 B BootpID
03f3b65c B BootpTry
03f3b660 B RarpTry
03f3b664 B console_buffer
03f3b764 B header
03f3b7a4 B os_data_count
03f3b7a8 B os_data_header
03f3b7c8 B his_eol
03f3b7cc B his_pad_count
03f3b7d0 B his_pad_char
03f3b7d4 B his_quote
03f3b7d8 b a_b
03f3b7f0 B os_data_init
03f3b7f4 B os_data_char
03f3b7f8 b os_data_state
03f3b7fc b os_data_state_saved
03f3b800 b os_data_count_saved
03f3b804 b os_data_addr
03f3b808 b os_data_addr_saved
03f3b80c b bin_start_address
03f3b810 b k_data_escape
03f3b814 b k_data_escape_saved
03f3b818 B send_parms
03f3b82c B send_ptr
03f3b830 b loadub_filename
03f3b8b0 B dp_last_addr
03f3b8b4 B dp_last_size
03f3b8b8 B mm_last_addr
03f3b8bc B mm_last_size
03f3b8c0 b usb_dev
03f48040 b dev_index
03f48044 b running
03f48048 b asynch_allowed
03f4804c b setup_packet
03f48054 b hub_dev
03f48154 b usb_hub_index
03f48158 B ___strtok
03f4815c b fixed_mem
03f491ec b fixed_bl
03f491f0 b fixed_bd
03f491f4 b fixed_tl
03f491f8 b fixed_td
03f491fc B flash_info
03f49200 B pPMR_REG
03f49204 B DPC
03f49208 B pGPIO_REG
03f4920c B MLC_REG
03f49210 B sdk2x_SdCardInfo
03f49238 B nInitPass
03f4923c b CID
03f49258 b CsdFluff
03f4926c b CSD
03f4927c b nAccessTimeRd
03f49280 b nAccessTimeWr
03f49284 b psLowSpeed
03f49288 b psHighSpeed
03f4928c b fMMC
03f49290 B nCardError
03f49294 b n4BitMode
03f49298 b nInterTransactionTime
03f4929c b nLastTransactionTime
03f492a0 b nFastTransactionDelay
03f492a4 b mmc_dev
03f49304 B sdk2x_private_string
03f493cc B oldKeys
03f493d0 b pPrintBase
03f49400 B gtd
03f4a440 B ptd
03f4a444 b gohci
03f4a600 B ghcca
03f4a700 B phcca
03f4a710 B ohci_dev
03f4a8a0 B urb_priv
03f4a974 B got_rhsc
03f4a978 B devgone
03f4aa00 b ep0SubState.138
03f4aa04 B tempDownloadAddress
03f4aa08 B ep3Buf
03f4aa48 B ep1Buf
03f4aa88 B ep0State
03f4aa8c B ep0SubState
03f4aa90 B cmd_offset
03f4aa94 B Rwuen
03f4aa98 B downloadAddress
03f4aa9c B downPt
03f4aaa0 B downloadFileSize
03f4aaa4 B checkSum
03f4aaa8 B totalDmaCount
03f4aaac B isUsbdSetConfiguration
03f4aab0 B AlterSetting
03f4aab4 B device_status
03f4aab8 B interface_status
03f4aabc B endpoint0_status
03f4aac0 B endpoint1_status
03f4aac4 B endpoint3_status
03f4aac8 B descSetup
03f4aad0 B descDev
03f4aae4 B descConf
03f4aaf0 B descIf
03f4aafc B descEndpt0
03f4ab04 B descEndpt1
03f4ab0c B ConfigSet
03f4ab10 B InterfaceGet
03f4ab14 B StatusGet
03f4ab1c B get_vfatname_block
03f5ab1c B get_dentfromdir_block
03f6ab1c B do_fat_read_block
03f7ab1c A armboot_end
